// Jest Snapshot v1, https://goo.gl/fbAQLP

exports[`Config Rendering Renders the config page 1`] = `
<DocumentFragment>
  <div
    id="config"
  >
    <h1>
      CIAO RAFFA !
    </h1>
  </div>
</DocumentFragment>
`;
